// Jest Snapshot v1, https://goo.gl/fbAQLP

exports[`menu does stuff you expect renders a list of article info into a link 1`] = `
<SideNav>
  <Link>
    <a
      onClick={[Function]}
    >
      The woo
    </a>
  </Link>
  <Link>
    <a
      onClick={[Function]}
    >
      The bar
    </a>
  </Link>
</SideNav>
`;
