// Jest Snapshot v1, https://goo.gl/fbAQLP

exports[`menu does stuff you expect renders a list of article info into ActionLink components 1`] = `
<SideNav>
  <ActionLink
    action={
      Object {
        "id": "woo",
        "type": "VIEW_ARTICLE",
      }
    }
  >
    The woo
  </ActionLink>
  <ActionLink
    action={
      Object {
        "id": "bar",
        "type": "VIEW_ARTICLE",
      }
    }
  >
    The bar
  </ActionLink>
</SideNav>
`;
